[dotenv@17.2.3] injecting env (6) from .env -- tip: ≡ƒöÉ prevent building .env in docker: https://dotenvx.com/prebuild
--- GEMINI API KEY TEST ---
Γ£à Key found (Prefix): AIzaSyAsrH...
≡ƒöä Attempting to generate content...
--- TEST END ---
node : Γ¥î API Call Failed:
At line:1 char:1
+ node test-gemini.js > 
test_output.txt 2>&1
+ ~~~~~~~~~~~~~~~~~~~~~~~~~~
~~~~~~~~~~~~~~~~
    + CategoryInfo          
    : NotSpecified: (Γ¥î A  
  PI Call Failed::String)   
  [], RemoteException
    + FullyQualifiedErrorId 
    : NativeCommandError
 
Error Message: 
[GoogleGenerativeAI Error]: 
Error fetching from https://
generativelanguage.googleapi
s.com/v1beta/models/gemini-1
.5-flash:generateContent: 
[404 Not Found] 
models/gemini-1.5-flash is 
not found for API version 
v1beta, or is not supported 
for generateContent. Call 
ListModels to see the list 
of available models and 
their supported methods.
